tracked_test_files=407
[fast]
trade: files=7 procs=main
  packages/microcosm-build/tests/test_us_trade_census_imports.py
  packages/microcosm-build/tests/test_us_trade_crosscheck.py
  packages/microcosm-build/tests/test_us_trade_entries_cli.py
  packages/microcosm-build/tests/test_us_trade_entry_generator.py
  packages/microcosm-build/tests/test_us_trade_facts.py
  packages/microcosm-build/tests/test_us_trade_imdb_bulk.py
  packages/microcosm-build/tests/test_us_trade_imdb_goldens.py
spine-uk: files=136 procs=main
  packages/microcosm-build/tests/test_uk_age_tail.py
  packages/microcosm-build/tests/test_uk_battery_bindings.py
  packages/microcosm-build/tests/test_uk_brma_resource.py
  packages/microcosm-build/tests/test_uk_bus_targets.py
  packages/microcosm-build/tests/test_uk_bus_use_incidence.py
  packages/microcosm-build/tests/test_uk_calibration_run.py
  packages/microcosm-build/tests/test_uk_calibration_seam_driver.py
  packages/microcosm-build/tests/test_uk_cgt_asset_type.py
  packages/microcosm-build/tests/test_uk_cgt_calibration.py
  packages/microcosm-build/tests/test_uk_cgt_imputation.py
  packages/microcosm-build/tests/test_uk_cgt_observation_period.py
  packages/microcosm-build/tests/test_uk_cgt_source_manifest.py
  packages/microcosm-build/tests/test_uk_cgt_structure.py
  packages/microcosm-build/tests/test_uk_cgt_targets.py
  packages/microcosm-build/tests/test_uk_childcare_targets.py
  packages/microcosm-build/tests/test_uk_chronicle_feed.py
  packages/microcosm-build/tests/test_uk_consumption_resources.py
  packages/microcosm-build/tests/test_uk_content_identity.py
  packages/microcosm-build/tests/test_uk_corrected_measurement_receipt.py
  packages/microcosm-build/tests/test_uk_council_tax_targets.py
  packages/microcosm-build/tests/test_uk_data_target_parity.py
  packages/microcosm-build/tests/test_uk_dense_release_assembler.py
  packages/microcosm-build/tests/test_uk_diagnostics.py
  packages/microcosm-build/tests/test_uk_donor_uprating.py
  packages/microcosm-build/tests/test_uk_e5_identity.py
  packages/microcosm-build/tests/test_uk_efrs_weighted_totals.py
  packages/microcosm-build/tests/test_uk_energy_pricing.py
  packages/microcosm-build/tests/test_uk_etb_services.py
  packages/microcosm-build/tests/test_uk_etb_vat.py
  packages/microcosm-build/tests/test_uk_evaluate_dataset_size_tool.py
  packages/microcosm-build/tests/test_uk_fact_raking.py
  packages/microcosm-build/tests/test_uk_firm_generation.py
  packages/microcosm-build/tests/test_uk_firms_targets.py
  packages/microcosm-build/tests/test_uk_frame_linkage_preflight.py
  packages/microcosm-build/tests/test_uk_frs_council_tax.py
  packages/microcosm-build/tests/test_uk_frs_disability.py
  packages/microcosm-build/tests/test_uk_frs_education.py
  packages/microcosm-build/tests/test_uk_frs_education_grants.py
  packages/microcosm-build/tests/test_uk_frs_employment.py
  packages/microcosm-build/tests/test_uk_frs_hmrc_leaves.py
  packages/microcosm-build/tests/test_uk_frs_legacy_proxies.py
  packages/microcosm-build/tests/test_uk_frs_relationships.py
  packages/microcosm-build/tests/test_uk_frs_release.py
  packages/microcosm-build/tests/test_uk_frs_spine.py
  packages/microcosm-build/tests/test_uk_frs_stochastic.py
  packages/microcosm-build/tests/test_uk_geography_ladder.py
  packages/microcosm-build/tests/test_uk_geography_sources.py
  packages/microcosm-build/tests/test_uk_graph.py
  packages/microcosm-build/tests/test_uk_h5_payload_compare.py
  packages/microcosm-build/tests/test_uk_hmrc_calibration.py
  packages/microcosm-build/tests/test_uk_hmrc_capital_gains.py
  packages/microcosm-build/tests/test_uk_hmrc_income.py
  packages/microcosm-build/tests/test_uk_hmrc_income_source_manifest.py
  packages/microcosm-build/tests/test_uk_hmrc_replay.py
  packages/microcosm-build/tests/test_uk_hmrc_replay_artifacts.py
  packages/microcosm-build/tests/test_uk_identity_stability_receipts.py
  packages/microcosm-build/tests/test_uk_incumbent_surface_evaluation.py
  packages/microcosm-build/tests/test_uk_ladder_rowwise_clone.py
  packages/microcosm-build/tests/test_uk_ladder_sni_sources.py
  packages/microcosm-build/tests/test_uk_ladder_targets.py
  packages/microcosm-build/tests/test_uk_lcfs_consumption.py
  packages/microcosm-build/tests/test_uk_ledger_fact_vendoring.py
  packages/microcosm-build/tests/test_uk_ledger_targets.py
  packages/microcosm-build/tests/test_uk_local_area_crosswalk.py
  packages/microcosm-build/tests/test_uk_local_candidate_scorer.py
  packages/microcosm-build/tests/test_uk_local_doctrine.py
  packages/microcosm-build/tests/test_uk_local_gate_battery.py
  packages/microcosm-build/tests/test_uk_local_geography.py
  packages/microcosm-build/tests/test_uk_local_holdout.py
  packages/microcosm-build/tests/test_uk_local_incumbent_extractor.py
  packages/microcosm-build/tests/test_uk_local_release_preflight.py
  packages/microcosm-build/tests/test_uk_local_rowwise.py
  packages/microcosm-build/tests/test_uk_local_target_census.py
  packages/microcosm-build/tests/test_uk_local_targets.py
  packages/microcosm-build/tests/test_uk_local_validation_levels.py
  packages/microcosm-build/tests/test_uk_measure_simulation.py
  packages/microcosm-build/tests/test_uk_national_calibration.py
  packages/microcosm-build/tests/test_uk_national_frame.py
  packages/microcosm-build/tests/test_uk_national_sampling.py
  packages/microcosm-build/tests/test_uk_nhs_allocation.py
  packages/microcosm-build/tests/test_uk_ods_tables.py
  packages/microcosm-build/tests/test_uk_parity_reference.py
  packages/microcosm-build/tests/test_uk_payload_diff_classifier.py
  packages/microcosm-build/tests/test_uk_pipr_deferrals.py
  packages/microcosm-build/tests/test_uk_population_targets.py
  packages/microcosm-build/tests/test_uk_provenance_flags.py
  packages/microcosm-build/tests/test_uk_raking.py
  packages/microcosm-build/tests/test_uk_regional_uprating.py
  packages/microcosm-build/tests/test_uk_release_assembler.py
  packages/microcosm-build/tests/test_uk_release_certification.py
  packages/microcosm-build/tests/test_uk_release_identity.py
  packages/microcosm-build/tests/test_uk_release_input_coverage.py
  packages/microcosm-build/tests/test_uk_release_input_coverage_manifest.py
  packages/microcosm-build/tests/test_uk_rowwise_build_driver.py
  packages/microcosm-build/tests/test_uk_rowwise_candidate.py
  packages/microcosm-build/tests/test_uk_rowwise_dataset.py
  packages/microcosm-build/tests/test_uk_rowwise_dry_run.py
  packages/microcosm-build/tests/test_uk_rowwise_geography.py
  packages/microcosm-build/tests/test_uk_rowwise_weight_metadata.py
  packages/microcosm-build/tests/test_uk_salary_sacrifice.py
  packages/microcosm-build/tests/test_uk_signed_differences.py
  packages/microcosm-build/tests/test_uk_size_evaluation.py
  packages/microcosm-build/tests/test_uk_source_runtime.py
  packages/microcosm-build/tests/test_uk_source_stages.py
  packages/microcosm-build/tests/test_uk_spi_income.py
  packages/microcosm-build/tests/test_uk_spi_spine.py
  packages/microcosm-build/tests/test_uk_spi_support.py
  packages/microcosm-build/tests/test_uk_spine_acceptance_receipt.py
  packages/microcosm-build/tests/test_uk_spine_parity_instrument.py
  packages/microcosm-build/tests/test_uk_stage_checkpoints.py
  packages/microcosm-build/tests/test_uk_stage_health.py
  packages/microcosm-build/tests/test_uk_staging_integration.py
  packages/microcosm-build/tests/test_uk_staging_provisioning.py
  packages/microcosm-build/tests/test_uk_stochastic_tools.py
  packages/microcosm-build/tests/test_uk_student_loans.py
  packages/microcosm-build/tests/test_uk_take_up_contract.py
  packages/microcosm-build/tests/test_uk_take_up_gate.py
  packages/microcosm-build/tests/test_uk_target_references.py
  packages/microcosm-build/tests/test_uk_terminal_gates.py
  packages/microcosm-build/tests/test_uk_tfc_routed_share.py
  packages/microcosm-build/tests/test_uk_uc_capital_coherence.py
  packages/microcosm-build/tests/test_uk_uc_deduction_attributes.py
  packages/microcosm-build/tests/test_uk_uc_family.py
  packages/microcosm-build/tests/test_uk_uc_lp_evidence.py
  packages/microcosm-build/tests/test_uk_uc_matrix_diagnostics.py
  packages/microcosm-build/tests/test_uk_uc_relationships.py
  packages/microcosm-build/tests/test_uk_uc_reporter_redraw.py
  packages/microcosm-build/tests/test_uk_uc_source_periods.py
  packages/microcosm-build/tests/test_uk_uc_support_diagnostics.py
  packages/microcosm-build/tests/test_uk_uc_target_measurements.py
  packages/microcosm-build/tests/test_uk_was_wealth.py
  packages/microcosm-build/tests/test_uk_wealth_resources.py
  packages/microcosm-build/tests/test_uk_weighted_integrity.py
  packages/microcosm-build/tests/test_uk_weighted_integrity_measurement.py
  packages/microcosm-build/tests/test_us_stacked_spine.py
  packages/microcosm-frame/tests/test_policyengine_uk_adapter.py
rest: files=262 procs=main
  packages/microcosm-build/tests/test_chronicle_epoch.py
  packages/microcosm-build/tests/test_compare_us_fiscal_diagnostics.py
  packages/microcosm-build/tests/test_country_spec.py
  packages/microcosm-build/tests/test_cross_grain.py
  packages/microcosm-build/tests/test_demographics.py
  packages/microcosm-build/tests/test_diagnose_us_target_support.py
  packages/microcosm-build/tests/test_frame_checkpoint.py
  packages/microcosm-build/tests/test_frame_sampling.py
  packages/microcosm-build/tests/test_frame_serializer_registry.py
  packages/microcosm-build/tests/test_gate_battery.py
  packages/microcosm-build/tests/test_gate_battery_contract_example.py
  packages/microcosm-build/tests/test_gate_battery_contract_pins.py
  packages/microcosm-build/tests/test_gates.py
  packages/microcosm-build/tests/test_holdout.py
  packages/microcosm-build/tests/test_imputation_lineage_spec.py
  packages/microcosm-build/tests/test_inspect_us_fiscal_refresh_checkpoints.py
  packages/microcosm-build/tests/test_ledger_artifact.py
  packages/microcosm-build/tests/test_ledger_targets.py
  packages/microcosm-build/tests/test_logbook.py
  packages/microcosm-build/tests/test_logbook_adoption.py
  packages/microcosm-build/tests/test_logbook_archive.py
  packages/microcosm-build/tests/test_logbook_backfill.py
  packages/microcosm-build/tests/test_logbook_chain_scopes_pg.py
  packages/microcosm-build/tests/test_logbook_cli.py
  packages/microcosm-build/tests/test_logbook_env.py
  packages/microcosm-build/tests/test_logbook_isolation.py
  packages/microcosm-build/tests/test_logbook_prediction_seed.py
  packages/microcosm-build/tests/test_monetary_profile.py
  packages/microcosm-build/tests/test_monetary_targets.py
  packages/microcosm-build/tests/test_outer_stage_runtime.py
  packages/microcosm-build/tests/test_plan.py
  packages/microcosm-build/tests/test_puf_qrf_chain.py
  packages/microcosm-build/tests/test_reform_validation.py
  packages/microcosm-build/tests/test_release_input_coverage.py
  packages/microcosm-build/tests/test_release_target_parity.py
  packages/microcosm-build/tests/test_score_uk_national_candidate.py
  packages/microcosm-build/tests/test_source_runtime.py
  packages/microcosm-build/tests/test_spec_engine_battery_semantics.py
  packages/microcosm-build/tests/test_spec_engine_calibration_semantics.py
  packages/microcosm-build/tests/test_spec_engine_compiler_ir.py
  packages/microcosm-build/tests/test_spec_engine_country_bundles.py
  packages/microcosm-build/tests/test_spec_engine_coverage_tool.py
  packages/microcosm-build/tests/test_spec_engine_engine_abi.py
  packages/microcosm-build/tests/test_spec_engine_field_usage.py
  packages/microcosm-build/tests/test_spec_engine_identity_contracts.py
  packages/microcosm-build/tests/test_spec_engine_imputation_semantics.py
  packages/microcosm-build/tests/test_spec_engine_inventory_coverage.py
  packages/microcosm-build/tests/test_spec_engine_legacy_adapter.py
  packages/microcosm-build/tests/test_spec_engine_loader.py
  packages/microcosm-build/tests/test_spec_engine_plan_lock.py
  packages/microcosm-build/tests/test_spec_engine_publication_semantics.py
  packages/microcosm-build/tests/test_spec_engine_reemission.py
  packages/microcosm-build/tests/test_spec_engine_resolver.py
  packages/microcosm-build/tests/test_spec_engine_schema.py
  packages/microcosm-build/tests/test_spec_engine_seeds.py
  packages/microcosm-build/tests/test_spec_engine_stacked_authority_semantics.py
  packages/microcosm-build/tests/test_spec_engine_take_up_semantics.py
  packages/microcosm-build/tests/test_spec_engine_typed_closure.py
  packages/microcosm-build/tests/test_spec_engine_yaml.py
  packages/microcosm-build/tests/test_spec_only_country_packages.py
  packages/microcosm-build/tests/test_stage_profile.py
  packages/microcosm-build/tests/test_staging.py
  packages/microcosm-build/tests/test_staging_dataset.py
  packages/microcosm-build/tests/test_staging_v2.py
  packages/microcosm-build/tests/test_stochastic_assignment.py
  packages/microcosm-build/tests/test_target_materialization.py
  packages/microcosm-build/tests/test_target_reference_authoring.py
  packages/microcosm-build/tests/test_trace.py
  packages/microcosm-build/tests/test_us_acs_inputs.py
  packages/microcosm-build/tests/test_us_acs_local_release_tool.py
  packages/microcosm-build/tests/test_us_acs_multispine.py
  packages/microcosm-build/tests/test_us_acs_multispine_base_builder.py
  packages/microcosm-build/tests/test_us_acs_multispine_legacy_builder.py
  packages/microcosm-build/tests/test_us_acs_pums.py
  packages/microcosm-build/tests/test_us_acs_release_predictors.py
  packages/microcosm-build/tests/test_us_acs_sources.py
  packages/microcosm-build/tests/test_us_acs_transfer.py
  packages/microcosm-build/tests/test_us_adult_care.py
  packages/microcosm-build/tests/test_us_alimony.py
  packages/microcosm-build/tests/test_us_asec_checkpoint.py
  packages/microcosm-build/tests/test_us_asec_pool.py
  packages/microcosm-build/tests/test_us_base_pool.py
  packages/microcosm-build/tests/test_us_block_ladder_sources.py
  packages/microcosm-build/tests/test_us_buildj_base_script.py
  packages/microcosm-build/tests/test_us_bundle_core_contracts.py
  packages/microcosm-build/tests/test_us_capital_gain_details.py
  packages/microcosm-build/tests/test_us_capital_gain_distributions.py
  packages/microcosm-build/tests/test_us_casualty_losses.py
  packages/microcosm-build/tests/test_us_child_support.py
  packages/microcosm-build/tests/test_us_childcare.py
  packages/microcosm-build/tests/test_us_congressional_district_geography.py
  packages/microcosm-build/tests/test_us_congressional_district_vintage.py
  packages/microcosm-build/tests/test_us_congressional_district_vintage_crosswalk.py
  packages/microcosm-build/tests/test_us_dc_ptc_take_up_exclusion.py
  packages/microcosm-build/tests/test_us_disability_benefits.py
  packages/microcosm-build/tests/test_us_documented_absent_inputs.py
  packages/microcosm-build/tests/test_us_domestic_production.py
  packages/microcosm-build/tests/test_us_early_head_start_exclusion.py
  packages/microcosm-build/tests/test_us_education_assistance_source.py
  packages/microcosm-build/tests/test_us_education_inputs.py
  packages/microcosm-build/tests/test_us_educator_expenses.py
  packages/microcosm-build/tests/test_us_eligibility_inputs.py
  packages/microcosm-build/tests/test_us_energy_subsidy.py
  packages/microcosm-build/tests/test_us_exact_k_ladder.py
  packages/microcosm-build/tests/test_us_exact_k_ladder_e2e.py
  packages/microcosm-build/tests/test_us_exact_k_ladder_launcher.py
  packages/microcosm-build/tests/test_us_farm_business_income.py
  packages/microcosm-build/tests/test_us_financial_assistance_exclusion.py
  packages/microcosm-build/tests/test_us_fiscal_refresh_builder.py
  packages/microcosm-build/tests/test_us_fiscal_refresh_memory.py
  packages/microcosm-build/tests/test_us_fiscal_targets.py
  packages/microcosm-build/tests/test_us_form_4952.py
  packages/microcosm-build/tests/test_us_geography_ladder.py
  packages/microcosm-build/tests/test_us_graph.py
  packages/microcosm-build/tests/test_us_hours_worked.py
  packages/microcosm-build/tests/test_us_housing_inputs.py
  packages/microcosm-build/tests/test_us_immigration.py
  packages/microcosm-build/tests/test_us_input_mass.py
  packages/microcosm-build/tests/test_us_l0_refit_export.py
  packages/microcosm-build/tests/test_us_late_producer_dag.py
  packages/microcosm-build/tests/test_us_medicaid_take_up.py
  packages/microcosm-build/tests/test_us_medicare_take_up.py
  packages/microcosm-build/tests/test_us_misc_itemized.py
  packages/microcosm-build/tests/test_us_multispine_pool.py
  packages/microcosm-build/tests/test_us_multispine_pool_h5_io.py
  packages/microcosm-build/tests/test_us_multispine_puf_clone.py
  packages/microcosm-build/tests/test_us_nonzero_shares.py
  packages/microcosm-build/tests/test_us_org_wages.py
  packages/microcosm-build/tests/test_us_other_health_insurance.py
  packages/microcosm-build/tests/test_us_parity_reference.py
  packages/microcosm-build/tests/test_us_plan.py
  packages/microcosm-build/tests/test_us_pool_input_consumers.py
  packages/microcosm-build/tests/test_us_post_transfer_calibration.py
  packages/microcosm-build/tests/test_us_pregnancy.py
  packages/microcosm-build/tests/test_us_prior_year_income.py
  packages/microcosm-build/tests/test_us_puf_aggregate_records.py
  packages/microcosm-build/tests/test_us_puf_capital_gains_tail.py
  packages/microcosm-build/tests/test_us_puf_donor_io.py
  packages/microcosm-build/tests/test_us_puf_e01000_reconciliation.py
  packages/microcosm-build/tests/test_us_puf_e19200_decomposition.py
  packages/microcosm-build/tests/test_us_puf_support.py
  packages/microcosm-build/tests/test_us_puf_support_base_builder.py
  packages/microcosm-build/tests/test_us_puf_support_base_equivalence.py
  packages/microcosm-build/tests/test_us_puf_tail_bound.py
  packages/microcosm-build/tests/test_us_puma_ladder.py
  packages/microcosm-build/tests/test_us_puma_ladder_sources.py
  packages/microcosm-build/tests/test_us_qbi_inputs.py
  packages/microcosm-build/tests/test_us_relationship_inputs.py
  packages/microcosm-build/tests/test_us_release_gate_preflight.py
  packages/microcosm-build/tests/test_us_reported_coverage_vintage_gate.py
  packages/microcosm-build/tests/test_us_retirement_contributions.py
  packages/microcosm-build/tests/test_us_retirement_distributions.py
  packages/microcosm-build/tests/test_us_salt_refund_income.py
  packages/microcosm-build/tests/test_us_scf_auto_loans.py
  packages/microcosm-build/tests/test_us_scf_wealth.py
  packages/microcosm-build/tests/test_us_sipp_financial_assets.py
  packages/microcosm-build/tests/test_us_sipp_head_start.py
  packages/microcosm-build/tests/test_us_sipp_tips.py
  packages/microcosm-build/tests/test_us_sipp_vehicles.py
  packages/microcosm-build/tests/test_us_snap_discretionary_exemption.py
  packages/microcosm-build/tests/test_us_snap_state_take_up.py
  packages/microcosm-build/tests/test_us_snap_take_up.py
  packages/microcosm-build/tests/test_us_source_coverage.py
  packages/microcosm-build/tests/test_us_source_runtime.py
  packages/microcosm-build/tests/test_us_spec_bundle.py
  packages/microcosm-build/tests/test_us_spine_agreement.py
  packages/microcosm-build/tests/test_us_spine_assembly.py
  packages/microcosm-build/tests/test_us_spine_blindness.py
  packages/microcosm-build/tests/test_us_spm_resources.py
  packages/microcosm-build/tests/test_us_spm_role_enrichment_builder.py
  packages/microcosm-build/tests/test_us_spm_role_source.py
  packages/microcosm-build/tests/test_us_ssi_disability_criteria.py
  packages/microcosm-build/tests/test_us_ssi_take_up.py
  packages/microcosm-build/tests/test_us_state_files_scorer.py
  packages/microcosm-build/tests/test_us_survivor_benefits_exclusion.py
  packages/microcosm-build/tests/test_us_take_up.py
  packages/microcosm-build/tests/test_us_take_up_contract.py
  packages/microcosm-build/tests/test_us_voluntary_filing.py
  packages/microcosm-build/tests/test_us_warm_start_selection.py
  packages/microcosm-build/tests/test_us_weeks_unemployed.py
  packages/microcosm-build/tests/test_us_wic_claim.py
  packages/microcosm-build/tests/test_us_wic_nutritional_risk_exclusion.py
  packages/microcosm-build/tests/test_us_workers_compensation.py
  packages/microcosm-build/tests/test_validation_input_coverage.py
  packages/microcosm-calibrate/tests/test_compat.py
  packages/microcosm-calibrate/tests/test_diagnostics.py
  packages/microcosm-calibrate/tests/test_exact_k.py
  packages/microcosm-calibrate/tests/test_hierarchy.py
  packages/microcosm-calibrate/tests/test_informed_gates.py
  packages/microcosm-calibrate/tests/test_kernels.py
  packages/microcosm-calibrate/tests/test_matrix.py
  packages/microcosm-calibrate/tests/test_monetary_binding.py
  packages/microcosm-calibrate/tests/test_provider_labels.py
  packages/microcosm-calibrate/tests/test_registry.py
  packages/microcosm-calibrate/tests/test_score.py
  packages/microcosm-calibrate/tests/test_solve.py
  packages/microcosm-calibrate/tests/test_sparse_solve.py
  packages/microcosm-calibrate/tests/test_target.py
  packages/microcosm-calibrate/tests/test_variable_labels.py
  packages/microcosm-data/tests/test_compat.py
  packages/microcosm-data/tests/test_contract.py
  packages/microcosm-data/tests/test_h5_enrichment.py
  packages/microcosm-data/tests/test_loader.py
  packages/microcosm-data/tests/test_local_area_contract.py
  packages/microcosm-data/tests/test_publish_guard.py
  packages/microcosm-data/tests/test_registry.py
  packages/microcosm-data/tests/test_release.py
  packages/microcosm-data/tests/test_slack.py
  packages/microcosm-data/tests/test_source_enrichment.py
  packages/microcosm-data/tests/test_uk_dense_release_contract.py
  packages/microcosm-fit/tests/test_cache.py
  packages/microcosm-fit/tests/test_compat.py
  packages/microcosm-fit/tests/test_dataframe_fit.py
  packages/microcosm-fit/tests/test_kernels.py
  packages/microcosm-fit/tests/test_model.py
  packages/microcosm-fit/tests/test_qrf.py
  packages/microcosm-fit/tests/test_qrf_stateless.py
  packages/microcosm-fit/tests/test_weighted_fit_contract.py
  packages/microcosm-frame/tests/test_accounting.py
  packages/microcosm-frame/tests/test_adapters.py
  packages/microcosm-frame/tests/test_axiom_adapter.py
  packages/microcosm-frame/tests/test_bundle.py
  packages/microcosm-frame/tests/test_contracts.py
  packages/microcosm-frame/tests/test_kernels.py
  packages/microcosm-frame/tests/test_materialize.py
  packages/microcosm-frame/tests/test_place.py
  packages/microcosm-frame/tests/test_policyengine_us_adapter.py
  packages/microcosm-frame/tests/test_policyengine_us_consumer_index.py
  packages/microcosm-frame/tests/test_policyengine_us_metadata_index.py
  packages/microcosm-frame/tests/test_rules_engine_contract.py
  packages/microcosm-frame/tests/test_units.py
  packages/microcosm-frame/tests/test_weights_schema.py
  packages/microcosm-graph/tests/test_acceptance_a_identity.py
  packages/microcosm-graph/tests/test_acceptance_b_ownership.py
  packages/microcosm-graph/tests/test_acceptance_c_seeds.py
  packages/microcosm-graph/tests/test_acceptance_d_weights.py
  packages/microcosm-graph/tests/test_acceptance_e_store.py
  packages/microcosm-graph/tests/test_acceptance_f_gates.py
  packages/microcosm-graph/tests/test_acceptance_g_legibility.py
  packages/microcosm-graph/tests/test_acceptance_h_parity.py
  packages/microcosm-graph/tests/test_acceptance_replays.py
  packages/microcosm-graph/tests/test_frame_metadata_store.py
  packages/microcosm-graph/tests/test_graph_acceptance_burndown.py
  packages/microcosm-graph/tests/test_graph_canonical.py
  packages/microcosm-graph/tests/test_graph_codecs.py
  packages/microcosm-graph/tests/test_graph_decl.py
  packages/microcosm-graph/tests/test_graph_executor.py
  packages/microcosm-graph/tests/test_graph_executor_series_stream.py
  packages/microcosm-graph/tests/test_graph_executor_source_identity.py
  packages/microcosm-graph/tests/test_graph_explain.py
  packages/microcosm-graph/tests/test_graph_interface_lock.py
  packages/microcosm-graph/tests/test_graph_kernel_contract.py
  packages/microcosm-graph/tests/test_graph_keys.py
  packages/microcosm-graph/tests/test_graph_manifest.py
  packages/microcosm-graph/tests/test_graph_parity_pins.py
  packages/microcosm-graph/tests/test_graph_parity_repin.py
  packages/microcosm-graph/tests/test_graph_population.py
  packages/microcosm-graph/tests/test_graph_randomness.py
  packages/microcosm-graph/tests/test_graph_serialize.py
  packages/microcosm-graph/tests/test_graph_store.py
  packages/microcosm-graph/tests/test_graph_verification_epoch.py
  packages/microcosm-graph/tests/test_graph_view.py
[engine]
shared-spec: files=77 procs=main
  packages/microcosm-build/tests/test_chronicle_epoch.py
  packages/microcosm-build/tests/test_compare_us_fiscal_diagnostics.py
  packages/microcosm-build/tests/test_country_spec.py
  packages/microcosm-build/tests/test_cross_grain.py
  packages/microcosm-build/tests/test_demographics.py
  packages/microcosm-build/tests/test_diagnose_us_target_support.py
  packages/microcosm-build/tests/test_frame_checkpoint.py
  packages/microcosm-build/tests/test_frame_sampling.py
  packages/microcosm-build/tests/test_frame_serializer_registry.py
  packages/microcosm-build/tests/test_gate_battery.py
  packages/microcosm-build/tests/test_gate_battery_contract_example.py
  packages/microcosm-build/tests/test_gate_battery_contract_pins.py
  packages/microcosm-build/tests/test_gates.py
  packages/microcosm-build/tests/test_holdout.py
  packages/microcosm-build/tests/test_imputation_lineage_spec.py
  packages/microcosm-build/tests/test_inspect_us_fiscal_refresh_checkpoints.py
  packages/microcosm-build/tests/test_ledger_artifact.py
  packages/microcosm-build/tests/test_ledger_targets.py
  packages/microcosm-build/tests/test_logbook.py
  packages/microcosm-build/tests/test_logbook_adoption.py
  packages/microcosm-build/tests/test_logbook_archive.py
  packages/microcosm-build/tests/test_logbook_backfill.py
  packages/microcosm-build/tests/test_logbook_chain_scopes_pg.py
  packages/microcosm-build/tests/test_logbook_cli.py
  packages/microcosm-build/tests/test_logbook_env.py
  packages/microcosm-build/tests/test_logbook_isolation.py
  packages/microcosm-build/tests/test_logbook_prediction_seed.py
  packages/microcosm-build/tests/test_monetary_profile.py
  packages/microcosm-build/tests/test_monetary_targets.py
  packages/microcosm-build/tests/test_outer_stage_runtime.py
  packages/microcosm-build/tests/test_plan.py
  packages/microcosm-build/tests/test_reform_validation.py
  packages/microcosm-build/tests/test_release_input_coverage.py
  packages/microcosm-build/tests/test_release_target_parity.py
  packages/microcosm-build/tests/test_score_uk_national_candidate.py
  packages/microcosm-build/tests/test_source_runtime.py
  packages/microcosm-build/tests/test_spec_engine_battery_semantics.py
  packages/microcosm-build/tests/test_spec_engine_calibration_semantics.py
  packages/microcosm-build/tests/test_spec_engine_compiler_ir.py
  packages/microcosm-build/tests/test_spec_engine_country_bundles.py
  packages/microcosm-build/tests/test_spec_engine_coverage_tool.py
  packages/microcosm-build/tests/test_spec_engine_engine_abi.py
  packages/microcosm-build/tests/test_spec_engine_field_usage.py
  packages/microcosm-build/tests/test_spec_engine_identity_contracts.py
  packages/microcosm-build/tests/test_spec_engine_imputation_semantics.py
  packages/microcosm-build/tests/test_spec_engine_inventory_coverage.py
  packages/microcosm-build/tests/test_spec_engine_legacy_adapter.py
  packages/microcosm-build/tests/test_spec_engine_loader.py
  packages/microcosm-build/tests/test_spec_engine_plan_lock.py
  packages/microcosm-build/tests/test_spec_engine_publication_semantics.py
  packages/microcosm-build/tests/test_spec_engine_reemission.py
  packages/microcosm-build/tests/test_spec_engine_resolver.py
  packages/microcosm-build/tests/test_spec_engine_schema.py
  packages/microcosm-build/tests/test_spec_engine_seeds.py
  packages/microcosm-build/tests/test_spec_engine_stacked_authority_semantics.py
  packages/microcosm-build/tests/test_spec_engine_take_up_semantics.py
  packages/microcosm-build/tests/test_spec_engine_typed_closure.py
  packages/microcosm-build/tests/test_spec_engine_yaml.py
  packages/microcosm-build/tests/test_spec_only_country_packages.py
  packages/microcosm-build/tests/test_stage_profile.py
  packages/microcosm-build/tests/test_staging.py
  packages/microcosm-build/tests/test_staging_dataset.py
  packages/microcosm-build/tests/test_staging_v2.py
  packages/microcosm-build/tests/test_stochastic_assignment.py
  packages/microcosm-build/tests/test_target_materialization.py
  packages/microcosm-build/tests/test_target_reference_authoring.py
  packages/microcosm-build/tests/test_trace.py
  packages/microcosm-build/tests/test_validation_input_coverage.py
  packages/microcosm-frame/tests/test_accounting.py
  packages/microcosm-frame/tests/test_adapters.py
  packages/microcosm-frame/tests/test_axiom_adapter.py
  packages/microcosm-frame/tests/test_bundle.py
  packages/microcosm-frame/tests/test_contracts.py
  packages/microcosm-frame/tests/test_materialize.py
  packages/microcosm-frame/tests/test_place.py
  packages/microcosm-frame/tests/test_units.py
  packages/microcosm-frame/tests/test_weights_schema.py
us-p: files=18 procs=main
  packages/microcosm-build/tests/test_puf_qrf_chain.py
  packages/microcosm-build/tests/test_us_parity_reference.py
  packages/microcosm-build/tests/test_us_plan.py
  packages/microcosm-build/tests/test_us_pool_input_consumers.py
  packages/microcosm-build/tests/test_us_post_transfer_calibration.py
  packages/microcosm-build/tests/test_us_pregnancy.py
  packages/microcosm-build/tests/test_us_prior_year_income.py
  packages/microcosm-build/tests/test_us_puf_aggregate_records.py
  packages/microcosm-build/tests/test_us_puf_capital_gains_tail.py
  packages/microcosm-build/tests/test_us_puf_donor_io.py
  packages/microcosm-build/tests/test_us_puf_e01000_reconciliation.py
  packages/microcosm-build/tests/test_us_puf_e19200_decomposition.py
  packages/microcosm-build/tests/test_us_puf_support.py
  packages/microcosm-build/tests/test_us_puf_support_base_builder.py
  packages/microcosm-build/tests/test_us_puf_support_base_equivalence.py
  packages/microcosm-build/tests/test_us_puf_tail_bound.py
  packages/microcosm-build/tests/test_us_puma_ladder.py
  packages/microcosm-build/tests/test_us_puma_ladder_sources.py
us-qs: files=36 procs=build, frame
  packages/microcosm-build/tests/test_us_qbi_inputs.py
  packages/microcosm-build/tests/test_us_relationship_inputs.py
  packages/microcosm-build/tests/test_us_release_gate_preflight.py
  packages/microcosm-build/tests/test_us_release_head_to_head_scorer.py
  packages/microcosm-build/tests/test_us_reported_coverage_vintage_gate.py
  packages/microcosm-build/tests/test_us_retirement_contributions.py
  packages/microcosm-build/tests/test_us_retirement_distributions.py
  packages/microcosm-build/tests/test_us_salt_refund_income.py
  packages/microcosm-build/tests/test_us_scf_auto_loans.py
  packages/microcosm-build/tests/test_us_scf_wealth.py
  packages/microcosm-build/tests/test_us_sipp_financial_assets.py
  packages/microcosm-build/tests/test_us_sipp_head_start.py
  packages/microcosm-build/tests/test_us_sipp_tips.py
  packages/microcosm-build/tests/test_us_sipp_vehicles.py
  packages/microcosm-build/tests/test_us_snap_discretionary_exemption.py
  packages/microcosm-build/tests/test_us_snap_state_take_up.py
  packages/microcosm-build/tests/test_us_snap_take_up.py
  packages/microcosm-build/tests/test_us_source_coverage.py
  packages/microcosm-build/tests/test_us_source_runtime.py
  packages/microcosm-build/tests/test_us_spec_bundle.py
  packages/microcosm-build/tests/test_us_spine_agreement.py
  packages/microcosm-build/tests/test_us_spine_assembly.py
  packages/microcosm-build/tests/test_us_spine_blindness.py
  packages/microcosm-build/tests/test_us_spm_resources.py
  packages/microcosm-build/tests/test_us_spm_role_enrichment_builder.py
  packages/microcosm-build/tests/test_us_spm_role_source.py
  packages/microcosm-build/tests/test_us_ssi_disability_criteria.py
  packages/microcosm-build/tests/test_us_ssi_take_up.py
  packages/microcosm-build/tests/test_us_stacked_spine.py
  packages/microcosm-build/tests/test_us_state_files_scorer.py
  packages/microcosm-build/tests/test_us_survivor_benefits_exclusion.py
  packages/microcosm-frame/tests/test_kernels.py
  packages/microcosm-frame/tests/test_policyengine_us_adapter.py
  packages/microcosm-frame/tests/test_policyengine_us_consumer_index.py
  packages/microcosm-frame/tests/test_policyengine_us_metadata_index.py
  packages/microcosm-frame/tests/test_rules_engine_contract.py
us-not: files=18 procs=main
  packages/microcosm-build/tests/test_us_nonzero_shares.py
  packages/microcosm-build/tests/test_us_org_wages.py
  packages/microcosm-build/tests/test_us_other_health_insurance.py
  packages/microcosm-build/tests/test_us_take_up.py
  packages/microcosm-build/tests/test_us_take_up_contract.py
  packages/microcosm-build/tests/test_us_trade_census_imports.py
  packages/microcosm-build/tests/test_us_trade_crosscheck.py
  packages/microcosm-build/tests/test_us_trade_entries_cli.py
  packages/microcosm-build/tests/test_us_trade_entry_generator.py
  packages/microcosm-build/tests/test_us_trade_facts.py
  packages/microcosm-build/tests/test_us_trade_imdb_bulk.py
  packages/microcosm-build/tests/test_us_trade_imdb_goldens.py
  packages/microcosm-build/tests/test_us_voluntary_filing.py
  packages/microcosm-build/tests/test_us_warm_start_selection.py
  packages/microcosm-build/tests/test_us_weeks_unemployed.py
  packages/microcosm-build/tests/test_us_wic_claim.py
  packages/microcosm-build/tests/test_us_wic_nutritional_risk_exclusion.py
  packages/microcosm-build/tests/test_us_workers_compensation.py
us-am: files=123 procs=build, other-shards
  packages/microcosm-build/tests/test_us_acs_inputs.py
  packages/microcosm-build/tests/test_us_acs_local_release_tool.py
  packages/microcosm-build/tests/test_us_acs_multispine.py
  packages/microcosm-build/tests/test_us_acs_multispine_base_builder.py
  packages/microcosm-build/tests/test_us_acs_multispine_legacy_builder.py
  packages/microcosm-build/tests/test_us_acs_pums.py
  packages/microcosm-build/tests/test_us_acs_release_predictors.py
  packages/microcosm-build/tests/test_us_acs_sources.py
  packages/microcosm-build/tests/test_us_acs_transfer.py
  packages/microcosm-build/tests/test_us_adult_care.py
  packages/microcosm-build/tests/test_us_alimony.py
  packages/microcosm-build/tests/test_us_asec_checkpoint.py
  packages/microcosm-build/tests/test_us_asec_pool.py
  packages/microcosm-build/tests/test_us_base_pool.py
  packages/microcosm-build/tests/test_us_block_ladder_sources.py
  packages/microcosm-build/tests/test_us_buildj_base_script.py
  packages/microcosm-build/tests/test_us_bundle_core_contracts.py
  packages/microcosm-build/tests/test_us_capital_gain_details.py
  packages/microcosm-build/tests/test_us_capital_gain_distributions.py
  packages/microcosm-build/tests/test_us_casualty_losses.py
  packages/microcosm-build/tests/test_us_child_support.py
  packages/microcosm-build/tests/test_us_childcare.py
  packages/microcosm-build/tests/test_us_congressional_district_geography.py
  packages/microcosm-build/tests/test_us_congressional_district_vintage.py
  packages/microcosm-build/tests/test_us_congressional_district_vintage_crosswalk.py
  packages/microcosm-build/tests/test_us_dc_ptc_take_up_exclusion.py
  packages/microcosm-build/tests/test_us_disability_benefits.py
  packages/microcosm-build/tests/test_us_documented_absent_inputs.py
  packages/microcosm-build/tests/test_us_domestic_production.py
  packages/microcosm-build/tests/test_us_early_head_start_exclusion.py
  packages/microcosm-build/tests/test_us_education_assistance_source.py
  packages/microcosm-build/tests/test_us_education_inputs.py
  packages/microcosm-build/tests/test_us_educator_expenses.py
  packages/microcosm-build/tests/test_us_eligibility_inputs.py
  packages/microcosm-build/tests/test_us_energy_subsidy.py
  packages/microcosm-build/tests/test_us_exact_k_ladder.py
  packages/microcosm-build/tests/test_us_exact_k_ladder_e2e.py
  packages/microcosm-build/tests/test_us_exact_k_ladder_launcher.py
  packages/microcosm-build/tests/test_us_farm_business_income.py
  packages/microcosm-build/tests/test_us_financial_assistance_exclusion.py
  packages/microcosm-build/tests/test_us_fiscal_refresh_builder.py
  packages/microcosm-build/tests/test_us_fiscal_refresh_memory.py
  packages/microcosm-build/tests/test_us_fiscal_targets.py
  packages/microcosm-build/tests/test_us_form_4952.py
  packages/microcosm-build/tests/test_us_geography_ladder.py
  packages/microcosm-build/tests/test_us_graph.py
  packages/microcosm-build/tests/test_us_hours_worked.py
  packages/microcosm-build/tests/test_us_housing_inputs.py
  packages/microcosm-build/tests/test_us_immigration.py
  packages/microcosm-build/tests/test_us_input_mass.py
  packages/microcosm-build/tests/test_us_l0_refit_export.py
  packages/microcosm-build/tests/test_us_late_producer_dag.py
  packages/microcosm-build/tests/test_us_medicaid_take_up.py
  packages/microcosm-build/tests/test_us_medicare_take_up.py
  packages/microcosm-build/tests/test_us_misc_itemized.py
  packages/microcosm-build/tests/test_us_multispine_pool.py
  packages/microcosm-build/tests/test_us_multispine_pool_h5_io.py
  packages/microcosm-build/tests/test_us_multispine_pool_tool.py
  packages/microcosm-build/tests/test_us_multispine_puf_clone.py
  packages/microcosm-calibrate/tests/test_compat.py
  packages/microcosm-calibrate/tests/test_diagnostics.py
  packages/microcosm-calibrate/tests/test_exact_k.py
  packages/microcosm-calibrate/tests/test_hierarchy.py
  packages/microcosm-calibrate/tests/test_informed_gates.py
  packages/microcosm-calibrate/tests/test_kernels.py
  packages/microcosm-calibrate/tests/test_matrix.py
  packages/microcosm-calibrate/tests/test_monetary_binding.py
  packages/microcosm-calibrate/tests/test_provider_labels.py
  packages/microcosm-calibrate/tests/test_registry.py
  packages/microcosm-calibrate/tests/test_score.py
  packages/microcosm-calibrate/tests/test_solve.py
  packages/microcosm-calibrate/tests/test_sparse_solve.py
  packages/microcosm-calibrate/tests/test_target.py
  packages/microcosm-calibrate/tests/test_variable_labels.py
  packages/microcosm-data/tests/test_compat.py
  packages/microcosm-data/tests/test_contract.py
  packages/microcosm-data/tests/test_h5_enrichment.py
  packages/microcosm-data/tests/test_loader.py
  packages/microcosm-data/tests/test_local_area_contract.py
  packages/microcosm-data/tests/test_publish_guard.py
  packages/microcosm-data/tests/test_registry.py
  packages/microcosm-data/tests/test_release.py
  packages/microcosm-data/tests/test_slack.py
  packages/microcosm-data/tests/test_source_enrichment.py
  packages/microcosm-data/tests/test_uk_dense_release_contract.py
  packages/microcosm-fit/tests/test_cache.py
  packages/microcosm-fit/tests/test_compat.py
  packages/microcosm-fit/tests/test_dataframe_fit.py
  packages/microcosm-fit/tests/test_kernels.py
  packages/microcosm-fit/tests/test_model.py
  packages/microcosm-fit/tests/test_qrf.py
  packages/microcosm-fit/tests/test_qrf_stateless.py
  packages/microcosm-fit/tests/test_weighted_fit_contract.py
  packages/microcosm-graph/tests/test_acceptance_a_identity.py
  packages/microcosm-graph/tests/test_acceptance_b_ownership.py
  packages/microcosm-graph/tests/test_acceptance_c_seeds.py
  packages/microcosm-graph/tests/test_acceptance_d_weights.py
  packages/microcosm-graph/tests/test_acceptance_e_store.py
  packages/microcosm-graph/tests/test_acceptance_f_gates.py
  packages/microcosm-graph/tests/test_acceptance_g_legibility.py
  packages/microcosm-graph/tests/test_acceptance_h_parity.py
  packages/microcosm-graph/tests/test_acceptance_replays.py
  packages/microcosm-graph/tests/test_frame_metadata_store.py
  packages/microcosm-graph/tests/test_graph_acceptance_burndown.py
  packages/microcosm-graph/tests/test_graph_canonical.py
  packages/microcosm-graph/tests/test_graph_codecs.py
  packages/microcosm-graph/tests/test_graph_decl.py
  packages/microcosm-graph/tests/test_graph_executor.py
  packages/microcosm-graph/tests/test_graph_executor_series_stream.py
  packages/microcosm-graph/tests/test_graph_executor_source_identity.py
  packages/microcosm-graph/tests/test_graph_explain.py
  packages/microcosm-graph/tests/test_graph_interface_lock.py
  packages/microcosm-graph/tests/test_graph_kernel_contract.py
  packages/microcosm-graph/tests/test_graph_keys.py
  packages/microcosm-graph/tests/test_graph_manifest.py
  packages/microcosm-graph/tests/test_graph_parity_pins.py
  packages/microcosm-graph/tests/test_graph_parity_repin.py
  packages/microcosm-graph/tests/test_graph_population.py
  packages/microcosm-graph/tests/test_graph_randomness.py
  packages/microcosm-graph/tests/test_graph_serialize.py
  packages/microcosm-graph/tests/test_graph_store.py
  packages/microcosm-graph/tests/test_graph_verification_epoch.py
  packages/microcosm-graph/tests/test_graph_view.py
uk: files=135 procs=build, frame
  packages/microcosm-build/tests/test_uk_age_tail.py
  packages/microcosm-build/tests/test_uk_battery_bindings.py
  packages/microcosm-build/tests/test_uk_brma_resource.py
  packages/microcosm-build/tests/test_uk_bus_targets.py
  packages/microcosm-build/tests/test_uk_bus_use_incidence.py
  packages/microcosm-build/tests/test_uk_calibration_run.py
  packages/microcosm-build/tests/test_uk_calibration_seam_driver.py
  packages/microcosm-build/tests/test_uk_cgt_asset_type.py
  packages/microcosm-build/tests/test_uk_cgt_calibration.py
  packages/microcosm-build/tests/test_uk_cgt_imputation.py
  packages/microcosm-build/tests/test_uk_cgt_observation_period.py
  packages/microcosm-build/tests/test_uk_cgt_source_manifest.py
  packages/microcosm-build/tests/test_uk_cgt_structure.py
  packages/microcosm-build/tests/test_uk_cgt_targets.py
  packages/microcosm-build/tests/test_uk_childcare_targets.py
  packages/microcosm-build/tests/test_uk_chronicle_feed.py
  packages/microcosm-build/tests/test_uk_consumption_resources.py
  packages/microcosm-build/tests/test_uk_content_identity.py
  packages/microcosm-build/tests/test_uk_corrected_measurement_receipt.py
  packages/microcosm-build/tests/test_uk_council_tax_targets.py
  packages/microcosm-build/tests/test_uk_data_target_parity.py
  packages/microcosm-build/tests/test_uk_dense_release_assembler.py
  packages/microcosm-build/tests/test_uk_diagnostics.py
  packages/microcosm-build/tests/test_uk_donor_uprating.py
  packages/microcosm-build/tests/test_uk_e5_identity.py
  packages/microcosm-build/tests/test_uk_efrs_weighted_totals.py
  packages/microcosm-build/tests/test_uk_energy_pricing.py
  packages/microcosm-build/tests/test_uk_etb_services.py
  packages/microcosm-build/tests/test_uk_etb_vat.py
  packages/microcosm-build/tests/test_uk_evaluate_dataset_size_tool.py
  packages/microcosm-build/tests/test_uk_fact_raking.py
  packages/microcosm-build/tests/test_uk_firm_generation.py
  packages/microcosm-build/tests/test_uk_firms_targets.py
  packages/microcosm-build/tests/test_uk_frame_linkage_preflight.py
  packages/microcosm-build/tests/test_uk_frs_council_tax.py
  packages/microcosm-build/tests/test_uk_frs_disability.py
  packages/microcosm-build/tests/test_uk_frs_education.py
  packages/microcosm-build/tests/test_uk_frs_education_grants.py
  packages/microcosm-build/tests/test_uk_frs_employment.py
  packages/microcosm-build/tests/test_uk_frs_hmrc_leaves.py
  packages/microcosm-build/tests/test_uk_frs_legacy_proxies.py
  packages/microcosm-build/tests/test_uk_frs_relationships.py
  packages/microcosm-build/tests/test_uk_frs_release.py
  packages/microcosm-build/tests/test_uk_frs_spine.py
  packages/microcosm-build/tests/test_uk_frs_stochastic.py
  packages/microcosm-build/tests/test_uk_geography_ladder.py
  packages/microcosm-build/tests/test_uk_geography_sources.py
  packages/microcosm-build/tests/test_uk_graph.py
  packages/microcosm-build/tests/test_uk_h5_payload_compare.py
  packages/microcosm-build/tests/test_uk_hmrc_calibration.py
  packages/microcosm-build/tests/test_uk_hmrc_capital_gains.py
  packages/microcosm-build/tests/test_uk_hmrc_income.py
  packages/microcosm-build/tests/test_uk_hmrc_income_source_manifest.py
  packages/microcosm-build/tests/test_uk_hmrc_replay.py
  packages/microcosm-build/tests/test_uk_hmrc_replay_artifacts.py
  packages/microcosm-build/tests/test_uk_identity_stability_receipts.py
  packages/microcosm-build/tests/test_uk_incumbent_surface_evaluation.py
  packages/microcosm-build/tests/test_uk_ladder_rowwise_clone.py
  packages/microcosm-build/tests/test_uk_ladder_sni_sources.py
  packages/microcosm-build/tests/test_uk_ladder_targets.py
  packages/microcosm-build/tests/test_uk_lcfs_consumption.py
  packages/microcosm-build/tests/test_uk_ledger_fact_vendoring.py
  packages/microcosm-build/tests/test_uk_ledger_targets.py
  packages/microcosm-build/tests/test_uk_local_area_crosswalk.py
  packages/microcosm-build/tests/test_uk_local_candidate_scorer.py
  packages/microcosm-build/tests/test_uk_local_doctrine.py
  packages/microcosm-build/tests/test_uk_local_gate_battery.py
  packages/microcosm-build/tests/test_uk_local_geography.py
  packages/microcosm-build/tests/test_uk_local_holdout.py
  packages/microcosm-build/tests/test_uk_local_incumbent_extractor.py
  packages/microcosm-build/tests/test_uk_local_release_preflight.py
  packages/microcosm-build/tests/test_uk_local_rowwise.py
  packages/microcosm-build/tests/test_uk_local_target_census.py
  packages/microcosm-build/tests/test_uk_local_targets.py
  packages/microcosm-build/tests/test_uk_local_validation_levels.py
  packages/microcosm-build/tests/test_uk_measure_simulation.py
  packages/microcosm-build/tests/test_uk_national_calibration.py
  packages/microcosm-build/tests/test_uk_national_frame.py
  packages/microcosm-build/tests/test_uk_national_sampling.py
  packages/microcosm-build/tests/test_uk_nhs_allocation.py
  packages/microcosm-build/tests/test_uk_ods_tables.py
  packages/microcosm-build/tests/test_uk_parity_reference.py
  packages/microcosm-build/tests/test_uk_payload_diff_classifier.py
  packages/microcosm-build/tests/test_uk_pipr_deferrals.py
  packages/microcosm-build/tests/test_uk_population_targets.py
  packages/microcosm-build/tests/test_uk_provenance_flags.py
  packages/microcosm-build/tests/test_uk_raking.py
  packages/microcosm-build/tests/test_uk_regional_uprating.py
  packages/microcosm-build/tests/test_uk_release_assembler.py
  packages/microcosm-build/tests/test_uk_release_certification.py
  packages/microcosm-build/tests/test_uk_release_identity.py
  packages/microcosm-build/tests/test_uk_release_input_coverage.py
  packages/microcosm-build/tests/test_uk_release_input_coverage_manifest.py
  packages/microcosm-build/tests/test_uk_rowwise_build_driver.py
  packages/microcosm-build/tests/test_uk_rowwise_candidate.py
  packages/microcosm-build/tests/test_uk_rowwise_dataset.py
  packages/microcosm-build/tests/test_uk_rowwise_dry_run.py
  packages/microcosm-build/tests/test_uk_rowwise_geography.py
  packages/microcosm-build/tests/test_uk_rowwise_weight_metadata.py
  packages/microcosm-build/tests/test_uk_salary_sacrifice.py
  packages/microcosm-build/tests/test_uk_signed_differences.py
  packages/microcosm-build/tests/test_uk_size_evaluation.py
  packages/microcosm-build/tests/test_uk_source_runtime.py
  packages/microcosm-build/tests/test_uk_source_stages.py
  packages/microcosm-build/tests/test_uk_spi_income.py
  packages/microcosm-build/tests/test_uk_spi_spine.py
  packages/microcosm-build/tests/test_uk_spi_support.py
  packages/microcosm-build/tests/test_uk_spine_acceptance_receipt.py
  packages/microcosm-build/tests/test_uk_spine_parity_instrument.py
  packages/microcosm-build/tests/test_uk_stage_checkpoints.py
  packages/microcosm-build/tests/test_uk_stage_health.py
  packages/microcosm-build/tests/test_uk_staging_integration.py
  packages/microcosm-build/tests/test_uk_staging_provisioning.py
  packages/microcosm-build/tests/test_uk_stochastic_tools.py
  packages/microcosm-build/tests/test_uk_student_loans.py
  packages/microcosm-build/tests/test_uk_take_up_contract.py
  packages/microcosm-build/tests/test_uk_take_up_gate.py
  packages/microcosm-build/tests/test_uk_target_references.py
  packages/microcosm-build/tests/test_uk_terminal_gates.py
  packages/microcosm-build/tests/test_uk_tfc_routed_share.py
  packages/microcosm-build/tests/test_uk_uc_capital_coherence.py
  packages/microcosm-build/tests/test_uk_uc_deduction_attributes.py
  packages/microcosm-build/tests/test_uk_uc_family.py
  packages/microcosm-build/tests/test_uk_uc_lp_evidence.py
  packages/microcosm-build/tests/test_uk_uc_matrix_diagnostics.py
  packages/microcosm-build/tests/test_uk_uc_relationships.py
  packages/microcosm-build/tests/test_uk_uc_reporter_redraw.py
  packages/microcosm-build/tests/test_uk_uc_source_periods.py
  packages/microcosm-build/tests/test_uk_uc_support_diagnostics.py
  packages/microcosm-build/tests/test_uk_uc_target_measurements.py
  packages/microcosm-build/tests/test_uk_was_wealth.py
  packages/microcosm-build/tests/test_uk_wealth_resources.py
  packages/microcosm-build/tests/test_uk_weighted_integrity.py
  packages/microcosm-build/tests/test_uk_weighted_integrity_measurement.py
  packages/microcosm-frame/tests/test_policyengine_uk_adapter.py
[engine-only] excluded from the fast tier, run in the engine tier
  packages/microcosm-build/tests/test_us_multispine_pool_tool.py -> us-am
  packages/microcosm-build/tests/test_us_release_head_to_head_scorer.py -> us-qs
[defaulted]
  packages/microcosm-build/tests/test_chronicle_epoch.py -> shared-spec
  packages/microcosm-build/tests/test_compare_us_fiscal_diagnostics.py -> shared-spec
  packages/microcosm-build/tests/test_country_spec.py -> shared-spec
  packages/microcosm-build/tests/test_demographics.py -> shared-spec
  packages/microcosm-build/tests/test_diagnose_us_target_support.py -> shared-spec
  packages/microcosm-build/tests/test_frame_checkpoint.py -> shared-spec
  packages/microcosm-build/tests/test_frame_sampling.py -> shared-spec
  packages/microcosm-build/tests/test_frame_serializer_registry.py -> shared-spec
  packages/microcosm-build/tests/test_gate_battery.py -> shared-spec
  packages/microcosm-build/tests/test_gate_battery_contract_example.py -> shared-spec
  packages/microcosm-build/tests/test_gate_battery_contract_pins.py -> shared-spec
  packages/microcosm-build/tests/test_gates.py -> shared-spec
  packages/microcosm-build/tests/test_holdout.py -> shared-spec
  packages/microcosm-build/tests/test_imputation_lineage_spec.py -> shared-spec
  packages/microcosm-build/tests/test_inspect_us_fiscal_refresh_checkpoints.py -> shared-spec
  packages/microcosm-build/tests/test_ledger_artifact.py -> shared-spec
  packages/microcosm-build/tests/test_ledger_targets.py -> shared-spec
  packages/microcosm-build/tests/test_logbook.py -> shared-spec
  packages/microcosm-build/tests/test_logbook_adoption.py -> shared-spec
  packages/microcosm-build/tests/test_logbook_archive.py -> shared-spec
  packages/microcosm-build/tests/test_logbook_backfill.py -> shared-spec
  packages/microcosm-build/tests/test_logbook_chain_scopes_pg.py -> shared-spec
  packages/microcosm-build/tests/test_logbook_cli.py -> shared-spec
  packages/microcosm-build/tests/test_logbook_env.py -> shared-spec
  packages/microcosm-build/tests/test_logbook_isolation.py -> shared-spec
  packages/microcosm-build/tests/test_logbook_prediction_seed.py -> shared-spec
  packages/microcosm-build/tests/test_monetary_profile.py -> shared-spec
  packages/microcosm-build/tests/test_monetary_targets.py -> shared-spec
  packages/microcosm-build/tests/test_outer_stage_runtime.py -> shared-spec
  packages/microcosm-build/tests/test_plan.py -> shared-spec
  packages/microcosm-build/tests/test_reform_validation.py -> shared-spec
  packages/microcosm-build/tests/test_release_input_coverage.py -> shared-spec
  packages/microcosm-build/tests/test_release_target_parity.py -> shared-spec
  packages/microcosm-build/tests/test_score_uk_national_candidate.py -> shared-spec
  packages/microcosm-build/tests/test_source_runtime.py -> shared-spec
  packages/microcosm-build/tests/test_stage_profile.py -> shared-spec
  packages/microcosm-build/tests/test_staging.py -> shared-spec
  packages/microcosm-build/tests/test_staging_dataset.py -> shared-spec
  packages/microcosm-build/tests/test_staging_v2.py -> shared-spec
  packages/microcosm-build/tests/test_stochastic_assignment.py -> shared-spec
  packages/microcosm-build/tests/test_target_materialization.py -> shared-spec
  packages/microcosm-build/tests/test_target_reference_authoring.py -> shared-spec
  packages/microcosm-build/tests/test_trace.py -> shared-spec
  packages/microcosm-build/tests/test_validation_input_coverage.py -> shared-spec
  packages/microcosm-frame/tests/test_accounting.py -> shared-spec
  packages/microcosm-frame/tests/test_adapters.py -> shared-spec
  packages/microcosm-frame/tests/test_axiom_adapter.py -> shared-spec
  packages/microcosm-frame/tests/test_bundle.py -> shared-spec
  packages/microcosm-frame/tests/test_contracts.py -> shared-spec
  packages/microcosm-frame/tests/test_materialize.py -> shared-spec
  packages/microcosm-frame/tests/test_place.py -> shared-spec
  packages/microcosm-frame/tests/test_units.py -> shared-spec
  packages/microcosm-frame/tests/test_weights_schema.py -> shared-spec
verification=ok
